Flow report for base-top
Tue Oct 16 16:17:33 2018
Quartus Prime Version 17.1.0 Build 590 10/25/2017 SJ Standard Edition


---------------------
; Table of Contents ;
---------------------
  1. Legal Notice
  2. Flow Summary
  3. Flow Settings
  4. Flow Non-Default Global Settings
  5. Flow Elapsed Time
  6. Flow OS Summary
  7. Flow Log
  8. Flow Messages
  9. Flow Suppressed Messages



----------------
; Legal Notice ;
----------------
Copyright (C) 2017  Intel Corporation. All rights reserved.
Your use of Intel Corporation's design tools, logic functions 
and other software and tools, and its AMPP partner logic 
functions, and any output files from any of the foregoing 
(including device programming or simulation files), and any 
associated documentation or information are expressly subject 
to the terms and conditions of the Intel Program License 
Subscription Agreement, the Intel Quartus Prime License Agreement,
the Intel FPGA IP License Agreement, or other applicable license
agreement, including, without limitation, that your use is for
the sole purpose of programming logic devices manufactured by
Intel and sold by Intel or its authorized distributors.  Please
refer to the applicable agreement for further details.



+-------------------------------------------------------------------------------------+
; Flow Summary                                                                        ;
+-----------------------------------+-------------------------------------------------+
; Flow Status                       ; Successful - Tue Oct 16 16:17:33 2018           ;
; Quartus Prime Version             ; 17.1.0 Build 590 10/25/2017 SJ Standard Edition ;
; Revision Name                     ; base-top                                        ;
; Top-level Entity Name             ; util_assemb_alst4_base                          ;
; Family                            ; Stratix IV                                      ;
; Device                            ; EP4SGX230KF40C2                                 ;
; Timing Models                     ; Final                                           ;
; Logic utilization                 ; 11 %                                            ;
;     Combinational ALUTs           ; 10,669 / 182,400 ( 6 % )                        ;
;     Memory ALUTs                  ; 0 / 91,200 ( 0 % )                              ;
;     Dedicated logic registers     ; 17,624 / 182,400 ( 10 % )                       ;
; Total registers                   ; 17624                                           ;
; Total pins                        ; 208 / 888 ( 23 % )                              ;
; Total virtual pins                ; 0                                               ;
; Total block memory bits           ; 137,772 / 14,625,792 ( < 1 % )                  ;
; DSP block 18-bit elements         ; 0 / 1,288 ( 0 % )                               ;
; Total GXB Receiver Channel PCS    ; 4 / 24 ( 17 % )                                 ;
; Total GXB Receiver Channel PMA    ; 4 / 36 ( 11 % )                                 ;
; Total GXB Transmitter Channel PCS ; 4 / 24 ( 17 % )                                 ;
; Total GXB Transmitter Channel PMA ; 4 / 36 ( 11 % )                                 ;
; Total PLLs                        ; 1 / 8 ( 13 % )                                  ;
; Total DLLs                        ; 0 / 4 ( 0 % )                                   ;
+-----------------------------------+-------------------------------------------------+


+-----------------------------------------+
; Flow Settings                           ;
+-------------------+---------------------+
; Option            ; Setting             ;
+-------------------+---------------------+
; Start date & time ; 10/16/2018 16:13:54 ;
; Main task         ; Compilation         ;
; Revision Name     ; base-top            ;
+-------------------+---------------------+


+---------------------------------------------------------------------------------------------------+
; Flow Non-Default Global Settings                                                                  ;
+-----------------------+--------------------------------+---------------+-------------+------------+
; Assignment Name       ; Value                          ; Default Value ; Entity Name ; Section Id ;
+-----------------------+--------------------------------+---------------+-------------+------------+
; COMPILER_SIGNATURE_ID ; 79497679761511.153972083432535 ; --            ; --          ; --         ;
; TOP_LEVEL_ENTITY      ; util_assemb_alst4_base         ; base-top      ; --          ; --         ;
+-----------------------+--------------------------------+---------------+-------------+------------+


+-------------------------------------------------------------------------------------------------------------------------------+
; Flow Elapsed Time                                                                                                             ;
+---------------------------+--------------+-------------------------+---------------------+------------------------------------+
; Module Name               ; Elapsed Time ; Average Processors Used ; Peak Virtual Memory ; Total CPU Time (on all processors) ;
+---------------------------+--------------+-------------------------+---------------------+------------------------------------+
; Analysis & Synthesis      ; 00:00:22     ; 1.0                     ; 1210 MB             ; 00:00:45                           ;
; Fitter                    ; 00:02:41     ; 1.4                     ; 3057 MB             ; 00:05:30                           ;
; TimeQuest Timing Analyzer ; 00:00:10     ; 1.9                     ; 1539 MB             ; 00:00:17                           ;
; Assembler                 ; 00:00:14     ; 1.0                     ; 1286 MB             ; 00:00:14                           ;
; Total                     ; 00:03:27     ; --                      ; --                  ; 00:06:46                           ;
+---------------------------+--------------+-------------------------+---------------------+------------------------------------+


+---------------------------------------------------------------------------------------------------------+
; Flow OS Summary                                                                                         ;
+---------------------------+------------------------------+--------------+--------------+----------------+
; Module Name               ; Machine Hostname             ; OS Name      ; OS Version   ; Processor type ;
+---------------------------+------------------------------+--------------+--------------+----------------+
; Analysis & Synthesis      ; buildserver                  ; CentOS Linux ; CentOS Linux ; x86_64         ;
; Fitter                    ; buildserver                  ; CentOS Linux ; CentOS Linux ; x86_64         ;
; TimeQuest Timing Analyzer ; buildserver                  ; CentOS Linux ; CentOS Linux ; x86_64         ;
; Assembler                 ; buildserver                  ; CentOS Linux ; CentOS Linux ; x86_64         ;
+---------------------------+------------------------------+--------------+--------------+----------------+


------------
; Flow Log ;
------------
quartus_map --64bit base-top
quartus_fit --64bit base-top
quartus_sta --64bit base-top -c base-top
quartus_asm --64bit base-top



