Analysis & Synthesis report for util_assemb_rv
Tue Oct 16 16:12:44 2018
Quartus Prime Version 17.1.0 Build 590 10/25/2017 SJ Standard Edition


---------------------
; Table of Contents ;
---------------------
  1. Legal Notice
  2. Analysis & Synthesis Summary
  3. Analysis & Synthesis Settings
  4. Parallel Compilation
  5. Analysis & Synthesis Source Files Read
  6. Analysis & Synthesis Resource Usage Summary
  7. Analysis & Synthesis Resource Utilization by Entity
  8. General Register Statistics
  9. Source assignments for util_assemb:assy|nothing:nothing
 10. Parameter Settings for User Entity Instance: Top-level Entity: |util_assemb_rv
 11. Parameter Settings for User Entity Instance: util_assemb:assy
 12. Parameter Settings for User Entity Instance: util_assemb:assy|nothing:nothing
 13. Post-Synthesis Netlist Statistics for Top Partition
 14. Elapsed Time Per Partition
 15. Analysis & Synthesis Messages



----------------
; Legal Notice ;
----------------
Copyright (C) 2017  Intel Corporation. All rights reserved.
Your use of Intel Corporation's design tools, logic functions 
and other software and tools, and its AMPP partner logic 
functions, and any output files from any of the foregoing 
(including device programming or simulation files), and any 
associated documentation or information are expressly subject 
to the terms and conditions of the Intel Program License 
Subscription Agreement, the Intel Quartus Prime License Agreement,
the Intel FPGA IP License Agreement, or other applicable license
agreement, including, without limitation, that your use is for
the sole purpose of programming logic devices manufactured by
Intel and sold by Intel or its authorized distributors.  Please
refer to the applicable agreement for further details.



+-------------------------------------------------------------------------------------+
; Analysis & Synthesis Summary                                                        ;
+-----------------------------------+-------------------------------------------------+
; Analysis & Synthesis Status       ; Successful - Tue Oct 16 16:12:44 2018           ;
; Quartus Prime Version             ; 17.1.0 Build 590 10/25/2017 SJ Standard Edition ;
; Revision Name                     ; util_assemb_rv                                  ;
; Top-level Entity Name             ; util_assemb_rv                                  ;
; Family                            ; Stratix IV                                      ;
; Logic utilization                 ; N/A                                             ;
;     Combinational ALUTs           ; 45                                              ;
;     Memory ALUTs                  ; 0                                               ;
;     Dedicated logic registers     ; 16                                              ;
; Total registers                   ; 16                                              ;
; Total pins                        ; 131                                             ;
; Total virtual pins                ; 0                                               ;
; Total block memory bits           ; 0                                               ;
; DSP block 18-bit elements         ; 0                                               ;
; Total GXB Receiver Channel PCS    ; 0                                               ;
; Total GXB Receiver Channel PMA    ; 0                                               ;
; Total GXB Transmitter Channel PCS ; 0                                               ;
; Total GXB Transmitter Channel PMA ; 0                                               ;
; Total PLLs                        ; 0                                               ;
; Total DLLs                        ; 0                                               ;
+-----------------------------------+-------------------------------------------------+


+---------------------------------------------------------------------------------------------------------------------------+
; Analysis & Synthesis Settings                                                                                             ;
+---------------------------------------------------------------------------------+--------------------+--------------------+
; Option                                                                          ; Setting            ; Default Value      ;
+---------------------------------------------------------------------------------+--------------------+--------------------+
; Top-level entity name                                                           ; util_assemb_rv     ; util_assemb_rv     ;
; Family name                                                                     ; Stratix IV         ; Cyclone V          ;
; Use smart compilation                                                           ; Off                ; Off                ;
; Enable parallel Assembler and TimeQuest Timing Analyzer during compilation      ; On                 ; On                 ;
; Enable compact report table                                                     ; Off                ; Off                ;
; Restructure Multiplexers                                                        ; Auto               ; Auto               ;
; MLAB Add Timing Constraints For Mixed-Port Feed-Through Mode Setting Don't Care ; Off                ; Off                ;
; Create Debugging Nodes for IP Cores                                             ; Off                ; Off                ;
; Preserve fewer node names                                                       ; On                 ; On                 ;
; Intel FPGA IP Evaluation Mode                                                   ; Enable             ; Enable             ;
; Verilog Version                                                                 ; Verilog_2001       ; Verilog_2001       ;
; VHDL Version                                                                    ; VHDL_1993          ; VHDL_1993          ;
; State Machine Processing                                                        ; Auto               ; Auto               ;
; Safe State Machine                                                              ; Off                ; Off                ;
; Extract Verilog State Machines                                                  ; On                 ; On                 ;
; Extract VHDL State Machines                                                     ; On                 ; On                 ;
; Ignore Verilog initial constructs                                               ; Off                ; Off                ;
; Iteration limit for constant Verilog loops                                      ; 5000               ; 5000               ;
; Iteration limit for non-constant Verilog loops                                  ; 250                ; 250                ;
; Add Pass-Through Logic to Inferred RAMs                                         ; On                 ; On                 ;
; Infer RAMs from Raw Logic                                                       ; On                 ; On                 ;
; Parallel Synthesis                                                              ; On                 ; On                 ;
; DSP Block Balancing                                                             ; Auto               ; Auto               ;
; NOT Gate Push-Back                                                              ; On                 ; On                 ;
; Power-Up Don't Care                                                             ; On                 ; On                 ;
; Remove Redundant Logic Cells                                                    ; Off                ; Off                ;
; Remove Duplicate Registers                                                      ; On                 ; On                 ;
; Ignore CARRY Buffers                                                            ; Off                ; Off                ;
; Ignore CASCADE Buffers                                                          ; Off                ; Off                ;
; Ignore GLOBAL Buffers                                                           ; Off                ; Off                ;
; Ignore ROW GLOBAL Buffers                                                       ; Off                ; Off                ;
; Ignore LCELL Buffers                                                            ; Off                ; Off                ;
; Ignore SOFT Buffers                                                             ; On                 ; On                 ;
; Limit AHDL Integers to 32 Bits                                                  ; Off                ; Off                ;
; Optimization Technique                                                          ; Balanced           ; Balanced           ;
; Carry Chain Length                                                              ; 70                 ; 70                 ;
; Auto Carry Chains                                                               ; On                 ; On                 ;
; Auto Open-Drain Pins                                                            ; On                 ; On                 ;
; Perform WYSIWYG Primitive Resynthesis                                           ; Off                ; Off                ;
; Auto ROM Replacement                                                            ; On                 ; On                 ;
; Auto RAM Replacement                                                            ; On                 ; On                 ;
; Auto DSP Block Replacement                                                      ; On                 ; On                 ;
; Auto Shift Register Replacement                                                 ; Auto               ; Auto               ;
; Allow Shift Register Merging across Hierarchies                                 ; Auto               ; Auto               ;
; Auto Clock Enable Replacement                                                   ; On                 ; On                 ;
; Strict RAM Replacement                                                          ; Off                ; Off                ;
; Allow Synchronous Control Signals                                               ; On                 ; On                 ;
; Force Use of Synchronous Clear Signals                                          ; Off                ; Off                ;
; Auto RAM Block Balancing                                                        ; On                 ; On                 ;
; Auto RAM to Logic Cell Conversion                                               ; Off                ; Off                ;
; Auto Resource Sharing                                                           ; Off                ; Off                ;
; Allow Any RAM Size For Recognition                                              ; Off                ; Off                ;
; Allow Any ROM Size For Recognition                                              ; Off                ; Off                ;
; Allow Any Shift Register Size For Recognition                                   ; Off                ; Off                ;
; Use LogicLock Constraints during Resource Balancing                             ; On                 ; On                 ;
; Ignore translate_off and synthesis_off directives                               ; Off                ; Off                ;
; Timing-Driven Synthesis                                                         ; On                 ; On                 ;
; Report Parameter Settings                                                       ; On                 ; On                 ;
; Report Source Assignments                                                       ; On                 ; On                 ;
; Report Connectivity Checks                                                      ; On                 ; On                 ;
; Ignore Maximum Fan-Out Assignments                                              ; Off                ; Off                ;
; Synchronization Register Chain Length                                           ; 3                  ; 3                  ;
; Power Optimization During Synthesis                                             ; Normal compilation ; Normal compilation ;
; HDL message level                                                               ; Level2             ; Level2             ;
; Suppress Register Optimization Related Messages                                 ; Off                ; Off                ;
; Number of Removed Registers Reported in Synthesis Report                        ; 5000               ; 5000               ;
; Number of Swept Nodes Reported in Synthesis Report                              ; 5000               ; 5000               ;
; Number of Inverted Registers Reported in Synthesis Report                       ; 100                ; 100                ;
; Clock MUX Protection                                                            ; On                 ; On                 ;
; Auto Gated Clock Conversion                                                     ; Off                ; Off                ;
; Block Design Naming                                                             ; Auto               ; Auto               ;
; SDC constraint protection                                                       ; Off                ; Off                ;
; Synthesis Effort                                                                ; Auto               ; Auto               ;
; Shift Register Replacement - Allow Asynchronous Clear Signal                    ; On                 ; On                 ;
; Pre-Mapping Resynthesis Optimization                                            ; Off                ; Off                ;
; Analysis & Synthesis Message Level                                              ; Medium             ; Medium             ;
; Disable Register Merging Across Hierarchies                                     ; Auto               ; Auto               ;
; Resource Aware Inference For Block RAM                                          ; On                 ; On                 ;
+---------------------------------------------------------------------------------+--------------------+--------------------+


+------------------------------------------+
; Parallel Compilation                     ;
+----------------------------+-------------+
; Processors                 ; Number      ;
+----------------------------+-------------+
; Number detected on machine ; 24          ;
; Maximum allowed            ; 12          ;
;                            ;             ;
; Average used               ; 1.00        ;
; Maximum used               ; 1           ;
;                            ;             ;
; Usage by Processor         ; % Time Used ;
;     Processor 1            ; 100.0%      ;
+----------------------------+-------------+


+----------------------------------------------------------------------------------------------------------------------------------------------------------------------------------------------------------------------------------------------------------------------------------------------------------+
; Analysis & Synthesis Source Files Read                                                                                                                                                                                                                                                                   ;
+----------------------------------------------------------------------------------------------+-----------------+------------------------------+--------------------------------------------------------------------------------------------------------------------------------------------+-------------+
; File Name with User-Entered Path                                                             ; Used in Netlist ; File Type                    ; File Name with Absolute Path                                                                                                               ; Library     ;
+----------------------------------------------------------------------------------------------+-----------------+------------------------------+--------------------------------------------------------------------------------------------------------------------------------------------+-------------+
; ../../../../imports/ocpi.core/exports/lib/components/hdl/stratix4/nothing.qxp                ; yes             ; User File                    ; /home/user/opencpi/ocpi_util/tests/pytests/utilization_proj/imports/ocpi.core/exports/lib/components/hdl/stratix4/nothing.qxp                ;             ;
; ../../../../imports/ocpi.core/exports/lib/components/hdl/stratix4/nothing.v                  ; yes             ; User Verilog HDL File        ; /home/user/opencpi/ocpi_util/tests/pytests/utilization_proj/imports/ocpi.core/exports/lib/components/hdl/stratix4/nothing.v                  ; nothing     ;
; ../../../../imports/ocpi.core/exports/lib/hdl/fixed_float/stratix4/fixed_float_types_pkg.vhd ; yes             ; User VHDL File               ; /home/user/opencpi/ocpi_util/tests/pytests/utilization_proj/imports/ocpi.core/exports/lib/hdl/fixed_float/stratix4/fixed_float_types_pkg.vhd ; fixed_float ;
; ../../../../imports/ocpi.core/exports/lib/hdl/fixed_float/stratix4/float_pkg.vhd             ; yes             ; User VHDL File               ; /home/user/opencpi/ocpi_util/tests/pytests/utilization_proj/imports/ocpi.core/exports/lib/hdl/fixed_float/stratix4/float_pkg.vhd             ; fixed_float ;
; ../../../../imports/ocpi.core/exports/lib/hdl/fixed_float/stratix4/float_body.vhd            ; yes             ; User VHDL File               ; /home/user/opencpi/ocpi_util/tests/pytests/utilization_proj/imports/ocpi.core/exports/lib/hdl/fixed_float/stratix4/float_body.vhd            ; fixed_float ;
; ../../../../imports/ocpi.core/exports/lib/hdl/fixed_float/stratix4/fixed_pkg.vhd             ; yes             ; User VHDL File               ; /home/user/opencpi/ocpi_util/tests/pytests/utilization_proj/imports/ocpi.core/exports/lib/hdl/fixed_float/stratix4/fixed_pkg.vhd             ; fixed_float ;
; ../../../../imports/ocpi.core/exports/lib/hdl/fixed_float/stratix4/fixed_body.vhd            ; yes             ; User VHDL File               ; /home/user/opencpi/ocpi_util/tests/pytests/utilization_proj/imports/ocpi.core/exports/lib/hdl/fixed_float/stratix4/fixed_body.vhd            ; fixed_float ;
; ../../../../imports/ocpi.core/exports/lib/hdl/ocpi/stratix4/props_pkg.vhd                    ; yes             ; User VHDL File               ; /home/user/opencpi/ocpi_util/tests/pytests/utilization_proj/imports/ocpi.core/exports/lib/hdl/ocpi/stratix4/props_pkg.vhd                    ; ocpi        ;
; ../../../../imports/ocpi.core/exports/lib/hdl/ocpi/stratix4/wci_pkg.vhd                      ; yes             ; User VHDL File               ; /home/user/opencpi/ocpi_util/tests/pytests/utilization_proj/imports/ocpi.core/exports/lib/hdl/ocpi/stratix4/wci_pkg.vhd                      ; ocpi        ;
; ../../../../imports/ocpi.core/exports/lib/hdl/ocpi/stratix4/wci_body.vhd                     ; yes             ; User VHDL File               ; /home/user/opencpi/ocpi_util/tests/pytests/utilization_proj/imports/ocpi.core/exports/lib/hdl/ocpi/stratix4/wci_body.vhd                     ; ocpi        ;
; ../../../../imports/ocpi.core/exports/lib/hdl/ocpi/stratix4/types_pkg.vhd                    ; yes             ; User VHDL File               ; /home/user/opencpi/ocpi_util/tests/pytests/utilization_proj/imports/ocpi.core/exports/lib/hdl/ocpi/stratix4/types_pkg.vhd                    ; ocpi        ;
; ../../../../imports/ocpi.core/exports/lib/hdl/ocpi/stratix4/types_body.vhd                   ; yes             ; User VHDL File               ; /home/user/opencpi/ocpi_util/tests/pytests/utilization_proj/imports/ocpi.core/exports/lib/hdl/ocpi/stratix4/types_body.vhd                   ; ocpi        ;
; ../../../../imports/ocpi.core/exports/lib/hdl/ocpi/stratix4/wsi_pkg.vhd                      ; yes             ; User VHDL File               ; /home/user/opencpi/ocpi_util/tests/pytests/utilization_proj/imports/ocpi.core/exports/lib/hdl/ocpi/stratix4/wsi_pkg.vhd                      ; ocpi        ;
; ../../../../imports/ocpi.core/exports/lib/hdl/ocpi/stratix4/wsi_body.vhd                     ; yes             ; User VHDL File               ; /home/user/opencpi/ocpi_util/tests/pytests/utilization_proj/imports/ocpi.core/exports/lib/hdl/ocpi/stratix4/wsi_body.vhd                     ; ocpi        ;
; ../../../../imports/ocpi.core/exports/lib/hdl/ocpi/stratix4/ocp_pkg.vhd                      ; yes             ; User VHDL File               ; /home/user/opencpi/ocpi_util/tests/pytests/utilization_proj/imports/ocpi.core/exports/lib/hdl/ocpi/stratix4/ocp_pkg.vhd                      ; ocpi        ;
; ../../../../imports/ocpi.core/exports/lib/hdl/ocpi/stratix4/util_pkg.vhd                     ; yes             ; User VHDL File               ; /home/user/opencpi/ocpi_util/tests/pytests/utilization_proj/imports/ocpi.core/exports/lib/hdl/ocpi/stratix4/util_pkg.vhd                     ; ocpi        ;
; ../../../../imports/ocpi.core/exports/lib/hdl/ocpi/stratix4/util_body.vhd                    ; yes             ; User VHDL File               ; /home/user/opencpi/ocpi_util/tests/pytests/utilization_proj/imports/ocpi.core/exports/lib/hdl/ocpi/stratix4/util_body.vhd                    ; ocpi        ;
; util_assemb-defs.vhd                                                                         ; yes             ; User VHDL File               ; /home/user/opencpi/ocpi_util/tests/pytests/utilization_proj/hdl/assemblies/util_assemb/target-stratix4/util_assemb-defs.vhd                  ; util_assemb ;
; generics.vhd                                                                                 ; yes             ; User VHDL File               ; /home/user/opencpi/ocpi_util/tests/pytests/utilization_proj/hdl/assemblies/util_assemb/target-stratix4/generics.vhd                          ; util_assemb ;
; util_assemb-impl.vhd                                                                         ; yes             ; User VHDL File               ; /home/user/opencpi/ocpi_util/tests/pytests/utilization_proj/hdl/assemblies/util_assemb/target-stratix4/util_assemb-impl.vhd                  ; util_assemb ;
; util_assemb-defs.vh                                                                          ; yes             ; Auto-Found Unspecified File  ; /home/user/opencpi/ocpi_util/tests/pytests/utilization_proj/hdl/assemblies/util_assemb/target-stratix4/util_assemb-defs.vh                   ;             ;
+----------------------------------------------------------------------------------------------+-----------------+------------------------------+--------------------------------------------------------------------------------------------------------------------------------------------+-------------+


+-----------------------------------------------------------------------------------------------------+
; Analysis & Synthesis Resource Usage Summary                                                         ;
+-----------------------------------------------+-----------------------------------------------------+
; Resource                                      ; Usage                                               ;
+-----------------------------------------------+-----------------------------------------------------+
; Estimated ALUTs Used                          ; 45                                                  ;
;     -- Combinational ALUTs                    ; 45                                                  ;
;     -- Memory ALUTs                           ; 0                                                   ;
;     -- LUT_REGs                               ; 0                                                   ;
; Dedicated logic registers                     ; 16                                                  ;
;                                               ;                                                     ;
; Estimated ALUTs Unavailable                   ; 17                                                  ;
;     -- Due to unpartnered combinational logic ; 17                                                  ;
;     -- Due to Memory ALUTs                    ; 0                                                   ;
;                                               ;                                                     ;
; Total combinational functions                 ; 45                                                  ;
; Combinational ALUT usage by number of inputs  ;                                                     ;
;     -- 7 input functions                      ; 1                                                   ;
;     -- 6 input functions                      ; 16                                                  ;
;     -- 5 input functions                      ; 11                                                  ;
;     -- 4 input functions                      ; 8                                                   ;
;     -- <=3 input functions                    ; 9                                                   ;
;                                               ;                                                     ;
; Combinational ALUTs by mode                   ;                                                     ;
;     -- normal mode                            ; 44                                                  ;
;     -- extended LUT mode                      ; 1                                                   ;
;     -- arithmetic mode                        ; 0                                                   ;
;     -- shared arithmetic mode                 ; 0                                                   ;
;                                               ;                                                     ;
; Estimated ALUT/register pairs used            ; 62                                                  ;
;                                               ;                                                     ;
; Total registers                               ; 16                                                  ;
;     -- Dedicated logic registers              ; 16                                                  ;
;     -- I/O registers                          ; 0                                                   ;
;     -- LUT_REGs                               ; 0                                                   ;
;                                               ;                                                     ;
;                                               ;                                                     ;
; I/O pins                                      ; 131                                                 ;
;                                               ;                                                     ;
; DSP block 18-bit elements                     ; 0                                                   ;
;                                               ;                                                     ;
; Maximum fan-out node                          ; util_assemb:assy|nothing:nothing|ctl_MReset_n~input ;
; Maximum fan-out                               ; 21                                                  ;
; Total fan-out                                 ; 382                                                 ;
; Average fan-out                               ; 1.18                                                ;
+-----------------------------------------------+-----------------------------------------------------+


+----------------------------------------------------------------------------------------------------------------------------------------------------------------------------------------------------------------------------------------------------------------------------------------------------------------------------------+
; Analysis & Synthesis Resource Utilization by Entity                                                                                                                                                                                                                                                                              ;
+-------------------------------------+---------------------+---------------------------+-------------------+--------------+---------+-----------+-----------+-----------+------+--------------+---------------------------------------------------------------------------------------------------+----------------+--------------+
; Compilation Hierarchy Node          ; Combinational ALUTs ; Dedicated Logic Registers ; Block Memory Bits ; DSP Elements ; DSP 9x9 ; DSP 12x12 ; DSP 18x18 ; DSP 36x36 ; Pins ; Virtual Pins ; Full Hierarchy Name                                                                               ; Entity Name    ; Library Name ;
+-------------------------------------+---------------------+---------------------------+-------------------+--------------+---------+-----------+-----------+-----------+------+--------------+---------------------------------------------------------------------------------------------------+----------------+--------------+
; |util_assemb_rv                     ; 45 (0)              ; 16 (0)                    ; 0                 ; 0            ; 0       ; 0         ; 0         ; 0         ; 131  ; 0            ; |util_assemb_rv                                                                                   ; util_assemb_rv ; util_assemb  ;
;    |util_assemb:assy|               ; 45 (0)              ; 16 (0)                    ; 0                 ; 0            ; 0       ; 0         ; 0         ; 0         ; 0    ; 0            ; |util_assemb_rv|util_assemb:assy                                                                  ; util_assemb    ; work         ;
;       |nothing:nothing|             ; 45 (0)              ; 16 (0)                    ; 0                 ; 0            ; 0       ; 0         ; 0         ; 0         ; 0    ; 0            ; |util_assemb_rv|util_assemb:assy|nothing:nothing                                                  ; nothing        ; work         ;
;          |nothing_rv:rv|            ; 45 (0)              ; 16 (0)                    ; 0                 ; 0            ; 0       ; 0         ; 0         ; 0         ; 0    ; 0            ; |util_assemb_rv|util_assemb:assy|nothing:nothing|nothing_rv:rv                                    ; nothing_rv     ; nothing      ;
;             |nothing_wci:wci|       ; 45 (0)              ; 16 (0)                    ; 0                 ; 0            ; 0       ; 0         ; 0         ; 0         ; 0    ; 0            ; |util_assemb_rv|util_assemb:assy|nothing:nothing|nothing_rv:rv|nothing_wci:wci                    ; nothing_wci    ; nothing      ;
;                |decoder:wci_decode| ; 45 (45)             ; 16 (16)                   ; 0                 ; 0            ; 0       ; 0         ; 0         ; 0         ; 0    ; 0            ; |util_assemb_rv|util_assemb:assy|nothing:nothing|nothing_rv:rv|nothing_wci:wci|decoder:wci_decode ; decoder        ; ocpi         ;
+-------------------------------------+---------------------+---------------------------+-------------------+--------------+---------+-----------+-----------+-----------+------+--------------+---------------------------------------------------------------------------------------------------+----------------+--------------+
Note: For table entries with two numbers listed, the numbers in parentheses indicate the number of resources of the given type used by the specific entity alone. The numbers listed outside of parentheses indicate the total resources of the given type used by the specific entity and all of its sub-entities in the hierarchy.


+------------------------------------------------------+
; General Register Statistics                          ;
+----------------------------------------------+-------+
; Statistic                                    ; Value ;
+----------------------------------------------+-------+
; Total registers                              ; 16    ;
; Number of registers using Synchronous Clear  ; 0     ;
; Number of registers using Synchronous Load   ; 0     ;
; Number of registers using Asynchronous Clear ; 0     ;
; Number of registers using Asynchronous Load  ; 0     ;
; Number of registers using Clock Enable       ; 2     ;
; Number of registers using Preset             ; 0     ;
+----------------------------------------------+-------+


+-----------------------------------------------------------------------------------------------------------------+
; Source assignments for util_assemb:assy|nothing:nothing                                                         ;
+--------------------------------------------------------------------------------+--------------------+------+----+
; Assignment                                                                     ; Value              ; From ; To ;
+--------------------------------------------------------------------------------+--------------------+------+----+
; ENABLE_UNUSED_RX_CLOCK_WORKAROUND                                              ; OFF                ;      ;    ;
; PRESERVE_UNUSED_XCVR_CHANNEL                                                   ; OFF                ;      ;    ;
; ADV_NETLIST_OPT_SYNTH_WYSIWYG_REMAP                                            ; OFF                ;      ;    ;
; SYNCHRONIZATION_REGISTER_CHAIN_LENGTH                                          ; 3                  ;      ;    ;
; OPTIMIZE_POWER_DURING_SYNTHESIS                                                ; NORMAL COMPILATION ;      ;    ;
; TXPMA_SLEW_RATE                                                                ; LOW                ;      ;    ;
; ADCE_ENABLED                                                                   ; AUTO               ;      ;    ;
; BLOCK_RAM_TO_MLAB_CELL_CONVERSION                                              ; ON                 ;      ;    ;
; BLOCK_RAM_AND_MLAB_EQUIVALENT_POWER_UP_CONDITIONS                              ; AUTO               ;      ;    ;
; BLOCK_RAM_AND_MLAB_EQUIVALENT_PAUSED_READ_CAPABILITIES                         ; CARE               ;      ;    ;
; OPTIMIZE_POWER_DURING_FITTING                                                  ; NORMAL COMPILATION ;      ;    ;
; PHYSICAL_SYNTHESIS_COMBO_LOGIC_FOR_AREA                                        ; OFF                ;      ;    ;
; PHYSICAL_SYNTHESIS_COMBO_LOGIC                                                 ; OFF                ;      ;    ;
; PHYSICAL_SYNTHESIS_REGISTER_DUPLICATION                                        ; OFF                ;      ;    ;
; PHYSICAL_SYNTHESIS_MAP_LOGIC_TO_MEMORY_FOR_AREA                                ; OFF                ;      ;    ;
; PHYSICAL_SYNTHESIS_REGISTER_RETIMING                                           ; OFF                ;      ;    ;
; PHYSICAL_SYNTHESIS_ASYNCHRONOUS_SIGNAL_PIPELINING                              ; OFF                ;      ;    ;
; ENABLE_BENEFICIAL_SKEW_OPTIMIZATION                                            ; ON                 ;      ;    ;
; FORM_DDR_CLUSTERING_CLIQUE                                                     ; OFF                ;      ;    ;
; HYPER_RETIMER_FAST_FORWARD_ADD_PIPELINING_MAX                                  ; -1                 ;      ;    ;
; HYPER_RETIMER_FAST_FORWARD_ASYNCH_CLEAR                                        ; AUTO               ;      ;    ;
; HYPER_RETIMER_FAST_FORWARD_USER_PRESERVE_RESTRICTION                           ; AUTO               ;      ;    ;
; HYPER_RETIMER_FAST_FORWARD_DSP_BLOCKS                                          ; ON                 ;      ;    ;
; HYPER_RETIMER_FAST_FORWARD_RAM_BLOCKS                                          ; ON                 ;      ;    ;
; POWER_REPORT_SIGNAL_ACTIVITY                                                   ; OFF                ;      ;    ;
; POWER_REPORT_POWER_DISSIPATION                                                 ; OFF                ;      ;    ;
; ARRIAIIGX_RX_CDR_LOCKUP_FIX_OVERRIDE                                           ; OFF                ;      ;    ;
; MUX_RESTRUCTURE                                                                ; AUTO               ;      ;    ;
; MLAB_ADD_TIMING_CONSTRAINTS_FOR_MIXED_PORT_FEED_THROUGH_MODE_SETTING_DONT_CARE ; OFF                ;      ;    ;
; STATE_MACHINE_PROCESSING                                                       ; AUTO               ;      ;    ;
; SAFE_STATE_MACHINE                                                             ; OFF                ;      ;    ;
; IGNORE_VERILOG_INITIAL_CONSTRUCTS                                              ; OFF                ;      ;    ;
; VERILOG_CONSTANT_LOOP_LIMIT                                                    ; 5000               ;      ;    ;
; VERILOG_NON_CONSTANT_LOOP_LIMIT                                                ; 250                ;      ;    ;
; INFER_RAMS_FROM_RAW_LOGIC                                                      ; ON                 ;      ;    ;
; DSP_BLOCK_BALANCING                                                            ; AUTO               ;      ;    ;
; NOT_GATE_PUSH_BACK                                                             ; ON                 ;      ;    ;
; REMOVE_REDUNDANT_LOGIC_CELLS                                                   ; OFF                ;      ;    ;
; REMOVE_DUPLICATE_REGISTERS                                                     ; ON                 ;      ;    ;
; IGNORE_CARRY_BUFFERS                                                           ; OFF                ;      ;    ;
; IGNORE_CASCADE_BUFFERS                                                         ; OFF                ;      ;    ;
; IGNORE_GLOBAL_BUFFERS                                                          ; OFF                ;      ;    ;
; IGNORE_ROW_GLOBAL_BUFFERS                                                      ; OFF                ;      ;    ;
; IGNORE_LCELL_BUFFERS                                                           ; OFF                ;      ;    ;
; MAX7000_IGNORE_LCELL_BUFFERS                                                   ; AUTO               ;      ;    ;
; IGNORE_SOFT_BUFFERS                                                            ; ON                 ;      ;    ;
; MAX7000_IGNORE_SOFT_BUFFERS                                                    ; OFF                ;      ;    ;
; AUTO_GLOBAL_CLOCK_MAX                                                          ; ON                 ;      ;    ;
; AUTO_GLOBAL_OE_MAX                                                             ; ON                 ;      ;    ;
; MAX_AUTO_GLOBAL_REGISTER_CONTROLS                                              ; ON                 ;      ;    ;
; AUTO_IMPLEMENT_IN_ROM                                                          ; OFF                ;      ;    ;
; APEX20K_TECHNOLOGY_MAPPER                                                      ; LUT                ;      ;    ;
; OPTIMIZATION_TECHNIQUE                                                         ; BALANCED           ;      ;    ;
; STRATIXII_OPTIMIZATION_TECHNIQUE                                               ; BALANCED           ;      ;    ;
; CYCLONE_OPTIMIZATION_TECHNIQUE                                                 ; BALANCED           ;      ;    ;
; CYCLONEII_OPTIMIZATION_TECHNIQUE                                               ; BALANCED           ;      ;    ;
; STRATIX_OPTIMIZATION_TECHNIQUE                                                 ; BALANCED           ;      ;    ;
; MAXII_OPTIMIZATION_TECHNIQUE                                                   ; BALANCED           ;      ;    ;
; MAX7000_OPTIMIZATION_TECHNIQUE                                                 ; SPEED              ;      ;    ;
; APEX20K_OPTIMIZATION_TECHNIQUE                                                 ; BALANCED           ;      ;    ;
; MERCURY_OPTIMIZATION_TECHNIQUE                                                 ; AREA               ;      ;    ;
; FLEX6K_OPTIMIZATION_TECHNIQUE                                                  ; AREA               ;      ;    ;
; FLEX10K_OPTIMIZATION_TECHNIQUE                                                 ; AREA               ;      ;    ;
; ALLOW_XOR_GATE_USAGE                                                           ; ON                 ;      ;    ;
; AUTO_LCELL_INSERTION                                                           ; ON                 ;      ;    ;
; CARRY_CHAIN_LENGTH                                                             ; 48                 ;      ;    ;
; FLEX6K_CARRY_CHAIN_LENGTH                                                      ; 32                 ;      ;    ;
; FLEX10K_CARRY_CHAIN_LENGTH                                                     ; 32                 ;      ;    ;
; MERCURY_CARRY_CHAIN_LENGTH                                                     ; 48                 ;      ;    ;
; STRATIX_CARRY_CHAIN_LENGTH                                                     ; 70                 ;      ;    ;
; STRATIXII_CARRY_CHAIN_LENGTH                                                   ; 70                 ;      ;    ;
; CASCADE_CHAIN_LENGTH                                                           ; 2                  ;      ;    ;
; PARALLEL_EXPANDER_CHAIN_LENGTH                                                 ; 16                 ;      ;    ;
; MAX7000_PARALLEL_EXPANDER_CHAIN_LENGTH                                         ; 4                  ;      ;    ;
; AUTO_CARRY_CHAINS                                                              ; ON                 ;      ;    ;
; AUTO_CASCADE_CHAINS                                                            ; ON                 ;      ;    ;
; AUTO_PARALLEL_EXPANDERS                                                        ; ON                 ;      ;    ;
; AUTO_OPEN_DRAIN_PINS                                                           ; ON                 ;      ;    ;
; AUTO_ROM_RECOGNITION                                                           ; ON                 ;      ;    ;
; AUTO_RAM_RECOGNITION                                                           ; ON                 ;      ;    ;
; AUTO_DSP_RECOGNITION                                                           ; ON                 ;      ;    ;
; AUTO_SHIFT_REGISTER_RECOGNITION                                                ; AUTO               ;      ;    ;
; ALLOW_SHIFT_REGISTER_MERGING_ACROSS_HIERARCHIES                                ; AUTO               ;      ;    ;
; AUTO_CLOCK_ENABLE_RECOGNITION                                                  ; ON                 ;      ;    ;
; STRICT_RAM_RECOGNITION                                                         ; OFF                ;      ;    ;
; ALLOW_SYNCH_CTRL_USAGE                                                         ; ON                 ;      ;    ;
; FORCE_SYNCH_CLEAR                                                              ; OFF                ;      ;    ;
; AUTO_RAM_TO_LCELL_CONVERSION                                                   ; OFF                ;      ;    ;
; AUTO_RESOURCE_SHARING                                                          ; OFF                ;      ;    ;
; ALLOW_ANY_RAM_SIZE_FOR_RECOGNITION                                             ; OFF                ;      ;    ;
; ALLOW_ANY_ROM_SIZE_FOR_RECOGNITION                                             ; OFF                ;      ;    ;
; ALLOW_ANY_SHIFT_REGISTER_SIZE_FOR_RECOGNITION                                  ; OFF                ;      ;    ;
; MAX7000_FANIN_PER_CELL                                                         ; 100                ;      ;    ;
; SYNTH_TIMING_DRIVEN_SYNTHESIS                                                  ; ON                 ;      ;    ;
; IGNORE_MAX_FANOUT_ASSIGNMENTS                                                  ; OFF                ;      ;    ;
; USE_HIGH_SPEED_ADDER                                                           ; AUTO               ;      ;    ;
; SYNTH_GATED_CLOCK_CONVERSION                                                   ; OFF                ;      ;    ;
; BLOCK_DESIGN_NAMING                                                            ; AUTO               ;      ;    ;
; SHIFT_REGISTER_RECOGNITION_ACLR_SIGNAL                                         ; ON                 ;      ;    ;
; PRPOF_ID                                                                       ; OFF                ;      ;    ;
; DISABLE_DSP_NEGATE_INFERENCING                                                 ; OFF                ;      ;    ;
; AUTO_MERGE_PLLS                                                                ; ON                 ;      ;    ;
; IGNORE_MODE_FOR_MERGE                                                          ; OFF                ;      ;    ;
; PERIPHERY_TO_CORE_PLACEMENT_AND_ROUTING_OPTIMIZATION                           ; OFF                ;      ;    ;
; SLOW_SLEW_RATE                                                                 ; OFF                ;      ;    ;
; PCI_IO                                                                         ; OFF                ;      ;    ;
; TURBO_BIT                                                                      ; ON                 ;      ;    ;
; WEAK_PULL_UP_RESISTOR                                                          ; OFF                ;      ;    ;
; ENABLE_BUS_HOLD_CIRCUITRY                                                      ; OFF                ;      ;    ;
; AUTO_GLOBAL_MEMORY_CONTROLS                                                    ; OFF                ;      ;    ;
; QII_AUTO_PACKED_REGISTERS                                                      ; AUTO               ;      ;    ;
; AUTO_PACKED_REGISTERS_MAX                                                      ; AUTO               ;      ;    ;
; NORMAL_LCELL_INSERT                                                            ; ON                 ;      ;    ;
; CARRY_OUT_PINS_LCELL_INSERT                                                    ; ON                 ;      ;    ;
; XSTL_INPUT_ALLOW_SE_BUFFER                                                     ; OFF                ;      ;    ;
; TREAT_BIDIR_AS_OUTPUT                                                          ; OFF                ;      ;    ;
; AUTO_TURBO_BIT                                                                 ; ON                 ;      ;    ;
; AUTO_GLOBAL_CLOCK                                                              ; ON                 ;      ;    ;
; AUTO_GLOBAL_OE                                                                 ; ON                 ;      ;    ;
; AUTO_GLOBAL_REGISTER_CONTROLS                                                  ; ON                 ;      ;    ;
; SYNCHRONIZER_IDENTIFICATION                                                    ; AUTO               ;      ;    ;
; M144K_BLOCK_READ_CLOCK_DUTY_CYCLE_DEPENDENCY                                   ; OFF                ;      ;    ;
; CLAMPING_DIODE                                                                 ; OFF                ;      ;    ;
; IMPLEMENT_MLAB_IN_16_BIT_DEEP_MODE                                             ; OFF                ;      ;    ;
+--------------------------------------------------------------------------------+--------------------+------+----+


+--------------------------------------------------------------------------------+
; Parameter Settings for User Entity Instance: Top-level Entity: |util_assemb_rv ;
+----------------+----------+----------------------------------------------------+
; Parameter Name ; Value    ; Type                                               ;
+----------------+----------+----------------------------------------------------+
; ocpi_debug     ; '0'      ; Enumerated                                         ;
; ocpi_endian    ; little_e ; Enumerated                                         ;
+----------------+----------+----------------------------------------------------+
Note: In order to hide this table in the UI and the text report file, please set the "Show Parameter Settings in Synthesis Report" option in "Analysis and Synthesis Settings -> More Settings" to "Off".


+---------------------------------------------------------------+
; Parameter Settings for User Entity Instance: util_assemb:assy ;
+----------------+-------+--------------------------------------+
; Parameter Name ; Value ; Type                                 ;
+----------------+-------+--------------------------------------+
; ocpi_debug     ; 0     ; Unsigned Binary                      ;
; ocpi_endian    ; 00    ; Unsigned Binary                      ;
+----------------+-------+--------------------------------------+
Note: In order to hide this table in the UI and the text report file, please set the "Show Parameter Settings in Synthesis Report" option in "Analysis and Synthesis Settings -> More Settings" to "Off".


+-------------------------------------------------------------------------------+
; Parameter Settings for User Entity Instance: util_assemb:assy|nothing:nothing ;
+----------------+-------+------------------------------------------------------+
; Parameter Name ; Value ; Type                                                 ;
+----------------+-------+------------------------------------------------------+
; ocpi_debug     ; 0     ; Unsigned Binary                                      ;
; ocpi_endian    ; 00    ; Unsigned Binary                                      ;
+----------------+-------+------------------------------------------------------+
Note: In order to hide this table in the UI and the text report file, please set the "Show Parameter Settings in Synthesis Report" option in "Analysis and Synthesis Settings -> More Settings" to "Off".


+-----------------------------------------------------+
; Post-Synthesis Netlist Statistics for Top Partition ;
+------------------------+----------------------------+
; Type                   ; Count                      ;
+------------------------+----------------------------+
; blackbox               ; 1                          ;
;         othing:nothing ; 1                          ;
; boundary_port          ; 131                        ;
;                        ;                            ;
; Max LUT depth          ; 0.00                       ;
; Average LUT depth      ; 0.00                       ;
+------------------------+----------------------------+


+-------------------------------+
; Elapsed Time Per Partition    ;
+----------------+--------------+
; Partition Name ; Elapsed Time ;
+----------------+--------------+
; Top            ; 00:00:00     ;
+----------------+--------------+


+-------------------------------+
; Analysis & Synthesis Messages ;
+-------------------------------+
Info: *******************************************************************
Info: Running Quartus Prime Analysis & Synthesis
    Info: Version 17.1.0 Build 590 10/25/2017 SJ Standard Edition
    Info: Copyright (C) 2017  Intel Corporation. All rights reserved.
    Info: Your use of Intel Corporation's design tools, logic functions 
    Info: and other software and tools, and its AMPP partner logic 
    Info: functions, and any output files from any of the foregoing 
    Info: (including device programming or simulation files), and any 
    Info: associated documentation or information are expressly subject 
    Info: to the terms and conditions of the Intel Program License 
    Info: Subscription Agreement, the Intel Quartus Prime License Agreement,
    Info: the Intel FPGA IP License Agreement, or other applicable license
    Info: agreement, including, without limitation, that your use is for
    Info: the sole purpose of programming logic devices manufactured by
    Info: Intel and sold by Intel or its authorized distributors.  Please
    Info: refer to the applicable agreement for further details.
    Info: Processing started: Tue Oct 16 16:12:33 2018
Info: Command: quartus_map --64bit --write_settings_files=off util_assemb_rv
Info: Using INI file /home/user/opencpi/ocpi_util/tests/pytests/utilization_proj/hdl/assemblies/util_assemb/target-stratix4/quartus.ini
Warning (18236): Number of processors has not been specified which may cause overloading on shared machines.  Set the global assignment NUM_PARALLEL_PROCESSORS in your QSF to an appropriate value for best performance.
Info (20030): Parallel compilation is enabled and will use 12 of the 12 processors detected
Info (12021): Found 1 design units, including 1 entities, in source file /home/user/opencpi/ocpi_util/tests/pytests/utilization_proj/imports/ocpi.core/exports/lib/components/hdl/stratix4/nothing.qxp
    Info (12023): Found entity 1: nothing File: /home/user/opencpi/ocpi_util/tests/pytests/utilization_proj/imports/ocpi.core/exports/lib/components/hdl/stratix4/nothing.qxp Line: -1
Warning (10335): Unrecognized synthesis attribute "box_type" at ../../../../imports/ocpi.core/exports/lib/components/hdl/stratix4/nothing.v(10) File: /home/user/opencpi/ocpi_util/tests/pytests/utilization_proj/imports/ocpi.core/exports/lib/components/hdl/stratix4/nothing.v Line: 10
Info (12021): Found 1 design units, including 1 entities, in source file /home/user/opencpi/ocpi_util/tests/pytests/utilization_proj/imports/ocpi.core/exports/lib/components/hdl/stratix4/nothing.v
    Info (12023): Found entity 1: nothing File: /home/user/opencpi/ocpi_util/tests/pytests/utilization_proj/imports/ocpi.core/exports/lib/components/hdl/stratix4/nothing.v Line: 12
Info (12021): Found 6 design units, including 0 entities, in source file /home/user/opencpi/ocpi_util/tests/pytests/utilization_proj/imports/ocpi.core/exports/lib/hdl/platform/stratix4/platform_pkg.vhd
    Info (12022): Found design unit 1: platform_pkg (platform) File: /home/user/opencpi/ocpi_util/tests/pytests/utilization_proj/imports/ocpi.core/exports/lib/hdl/platform/stratix4/platform_pkg.vhd Line: 23
    Info (12022): Found design unit 2: ocscp_defs (platform) File: /home/user/opencpi/ocpi_util/tests/pytests/utilization_proj/imports/ocpi.core/exports/lib/hdl/platform/stratix4/platform_pkg.vhd Line: 369
    Info (12022): Found design unit 3: time_client_defs (platform) File: /home/user/opencpi/ocpi_util/tests/pytests/utilization_proj/imports/ocpi.core/exports/lib/hdl/platform/stratix4/platform_pkg.vhd Line: 387
    Info (12022): Found design unit 4: metadata_defs (platform) File: /home/user/opencpi/ocpi_util/tests/pytests/utilization_proj/imports/ocpi.core/exports/lib/hdl/platform/stratix4/platform_pkg.vhd Line: 411
    Info (12022): Found design unit 5: unoc_node_defs (platform) File: /home/user/opencpi/ocpi_util/tests/pytests/utilization_proj/imports/ocpi.core/exports/lib/hdl/platform/stratix4/platform_pkg.vhd Line: 425
    Info (12022): Found design unit 6: pci_pkg (platform) File: /home/user/opencpi/ocpi_util/tests/pytests/utilization_proj/imports/ocpi.core/exports/lib/hdl/platform/stratix4/platform_pkg.vhd Line: 444
Info (12021): Found 1 design units, including 0 entities, in source file /home/user/opencpi/ocpi_util/tests/pytests/utilization_proj/imports/ocpi.core/exports/lib/hdl/platform/stratix4/platform_body.vhd
    Info (12022): Found design unit 1: platform_pkg-body File: /home/user/opencpi/ocpi_util/tests/pytests/utilization_proj/imports/ocpi.core/exports/lib/hdl/platform/stratix4/platform_body.vhd Line: 23
Info (12021): Found 1 design units, including 0 entities, in source file /home/user/opencpi/ocpi_util/tests/pytests/utilization_proj/imports/ocpi.core/exports/lib/hdl/fixed_float/stratix4/fixed_float_types_pkg.vhd
    Info (12022): Found design unit 1: fixed_float_types (fixed_float) File: /home/user/opencpi/ocpi_util/tests/pytests/utilization_proj/imports/ocpi.core/exports/lib/hdl/fixed_float/stratix4/fixed_float_types_pkg.vhd Line: 17
Info (12021): Found 1 design units, including 0 entities, in source file /home/user/opencpi/ocpi_util/tests/pytests/utilization_proj/imports/ocpi.core/exports/lib/hdl/fixed_float/stratix4/float_pkg.vhd
    Info (12022): Found design unit 1: float_pkg (fixed_float) File: /home/user/opencpi/ocpi_util/tests/pytests/utilization_proj/imports/ocpi.core/exports/lib/hdl/fixed_float/stratix4/float_pkg.vhd Line: 29
Info (12021): Found 1 design units, including 0 entities, in source file /home/user/opencpi/ocpi_util/tests/pytests/utilization_proj/imports/ocpi.core/exports/lib/hdl/fixed_float/stratix4/float_body.vhd
    Info (12022): Found design unit 1: float_pkg-body File: /home/user/opencpi/ocpi_util/tests/pytests/utilization_proj/imports/ocpi.core/exports/lib/hdl/fixed_float/stratix4/float_body.vhd Line: 14
Info (12021): Found 1 design units, including 0 entities, in source file /home/user/opencpi/ocpi_util/tests/pytests/utilization_proj/imports/ocpi.core/exports/lib/hdl/fixed_float/stratix4/fixed_pkg.vhd
    Info (12022): Found design unit 1: fixed_pkg (fixed_float) File: /home/user/opencpi/ocpi_util/tests/pytests/utilization_proj/imports/ocpi.core/exports/lib/hdl/fixed_float/stratix4/fixed_pkg.vhd Line: 26
Info (12021): Found 1 design units, including 0 entities, in source file /home/user/opencpi/ocpi_util/tests/pytests/utilization_proj/imports/ocpi.core/exports/lib/hdl/fixed_float/stratix4/fixed_body.vhd
    Info (12022): Found design unit 1: fixed_pkg-body File: /home/user/opencpi/ocpi_util/tests/pytests/utilization_proj/imports/ocpi.core/exports/lib/hdl/fixed_float/stratix4/fixed_body.vhd Line: 14
Info (12021): Found 1 design units, including 0 entities, in source file /home/user/opencpi/ocpi_util/tests/pytests/utilization_proj/imports/ocpi.core/exports/lib/hdl/ocpi/stratix4/props_pkg.vhd
    Info (12022): Found design unit 1: props (ocpi) File: /home/user/opencpi/ocpi_util/tests/pytests/utilization_proj/imports/ocpi.core/exports/lib/hdl/ocpi/stratix4/props_pkg.vhd Line: 6
Info (12021): Found 1 design units, including 0 entities, in source file /home/user/opencpi/ocpi_util/tests/pytests/utilization_proj/imports/ocpi.core/exports/lib/hdl/ocpi/stratix4/wci_pkg.vhd
    Info (12022): Found design unit 1: wci (ocpi) File: /home/user/opencpi/ocpi_util/tests/pytests/utilization_proj/imports/ocpi.core/exports/lib/hdl/ocpi/stratix4/wci_pkg.vhd Line: 23
Info (12021): Found 1 design units, including 0 entities, in source file /home/user/opencpi/ocpi_util/tests/pytests/utilization_proj/imports/ocpi.core/exports/lib/hdl/ocpi/stratix4/wci_body.vhd
    Info (12022): Found design unit 1: wci-body File: /home/user/opencpi/ocpi_util/tests/pytests/utilization_proj/imports/ocpi.core/exports/lib/hdl/ocpi/stratix4/wci_body.vhd Line: 22
Info (12021): Found 1 design units, including 0 entities, in source file /home/user/opencpi/ocpi_util/tests/pytests/utilization_proj/imports/ocpi.core/exports/lib/hdl/ocpi/stratix4/types_pkg.vhd
    Info (12022): Found design unit 1: types (ocpi) File: /home/user/opencpi/ocpi_util/tests/pytests/utilization_proj/imports/ocpi.core/exports/lib/hdl/ocpi/stratix4/types_pkg.vhd Line: 21
Info (12021): Found 1 design units, including 0 entities, in source file /home/user/opencpi/ocpi_util/tests/pytests/utilization_proj/imports/ocpi.core/exports/lib/hdl/ocpi/stratix4/types_body.vhd
    Info (12022): Found design unit 1: types-body File: /home/user/opencpi/ocpi_util/tests/pytests/utilization_proj/imports/ocpi.core/exports/lib/hdl/ocpi/stratix4/types_body.vhd Line: 29
Info (12021): Found 1 design units, including 0 entities, in source file /home/user/opencpi/ocpi_util/tests/pytests/utilization_proj/imports/ocpi.core/exports/lib/hdl/ocpi/stratix4/wsi_pkg.vhd
    Info (12022): Found design unit 1: wsi (ocpi) File: /home/user/opencpi/ocpi_util/tests/pytests/utilization_proj/imports/ocpi.core/exports/lib/hdl/ocpi/stratix4/wsi_pkg.vhd Line: 25
Info (12021): Found 1 design units, including 0 entities, in source file /home/user/opencpi/ocpi_util/tests/pytests/utilization_proj/imports/ocpi.core/exports/lib/hdl/ocpi/stratix4/wsi_body.vhd
    Info (12022): Found design unit 1: wsi-body File: /home/user/opencpi/ocpi_util/tests/pytests/utilization_proj/imports/ocpi.core/exports/lib/hdl/ocpi/stratix4/wsi_body.vhd Line: 22
Info (12021): Found 1 design units, including 0 entities, in source file /home/user/opencpi/ocpi_util/tests/pytests/utilization_proj/imports/ocpi.core/exports/lib/hdl/ocpi/stratix4/ocp_pkg.vhd
    Info (12022): Found design unit 1: ocp (ocpi) File: /home/user/opencpi/ocpi_util/tests/pytests/utilization_proj/imports/ocpi.core/exports/lib/hdl/ocpi/stratix4/ocp_pkg.vhd Line: 24
Info (12021): Found 1 design units, including 0 entities, in source file /home/user/opencpi/ocpi_util/tests/pytests/utilization_proj/imports/ocpi.core/exports/lib/hdl/ocpi/stratix4/util_pkg.vhd
    Info (12022): Found design unit 1: util (ocpi) File: /home/user/opencpi/ocpi_util/tests/pytests/utilization_proj/imports/ocpi.core/exports/lib/hdl/ocpi/stratix4/util_pkg.vhd Line: 22
Info (12021): Found 1 design units, including 0 entities, in source file /home/user/opencpi/ocpi_util/tests/pytests/utilization_proj/imports/ocpi.core/exports/lib/hdl/ocpi/stratix4/util_body.vhd
    Info (12022): Found design unit 1: util-body File: /home/user/opencpi/ocpi_util/tests/pytests/utilization_proj/imports/ocpi.core/exports/lib/hdl/ocpi/stratix4/util_body.vhd Line: 21
Info (12021): Found 1 design units, including 0 entities, in source file /home/user/opencpi/ocpi_util/tests/pytests/utilization_proj/imports/ocpi.core/exports/lib/hdl/util/stratix4/types_pkg.vhd
    Info (12022): Found design unit 1: types (util) File: /home/user/opencpi/ocpi_util/tests/pytests/utilization_proj/imports/ocpi.core/exports/lib/hdl/util/stratix4/types_pkg.vhd Line: 20
Info (12021): Found 1 design units, including 0 entities, in source file /home/user/opencpi/ocpi_util/tests/pytests/utilization_proj/imports/ocpi.core/exports/lib/hdl/util/stratix4/util_pkg.vhd
    Info (12022): Found design unit 1: util (util) File: /home/user/opencpi/ocpi_util/tests/pytests/utilization_proj/imports/ocpi.core/exports/lib/hdl/util/stratix4/util_pkg.vhd Line: 24
Info (12021): Found 1 design units, including 0 entities, in source file /home/user/opencpi/ocpi_util/tests/pytests/utilization_proj/imports/ocpi.core/exports/lib/hdl/util/stratix4/util_body.vhd
    Info (12022): Found design unit 1: util-body File: /home/user/opencpi/ocpi_util/tests/pytests/utilization_proj/imports/ocpi.core/exports/lib/hdl/util/stratix4/util_body.vhd Line: 23
Info (12021): Found 1 design units, including 0 entities, in source file /home/user/opencpi/ocpi_util/tests/pytests/utilization_proj/imports/ocpi.core/exports/lib/hdl/bsv/stratix4/bsv_pkg.vhd
    Info (12022): Found design unit 1: bsv (bsv) File: /home/user/opencpi/ocpi_util/tests/pytests/utilization_proj/imports/ocpi.core/exports/lib/hdl/bsv/stratix4/bsv_pkg.vhd Line: 22
Info (12021): Found 2 design units, including 0 entities, in source file util_assemb-defs.vhd
    Info (12022): Found design unit 1: util_assemb_constants (util_assemb) File: /home/user/opencpi/ocpi_util/tests/pytests/utilization_proj/hdl/assemblies/util_assemb/target-stratix4/util_assemb-defs.vhd Line: 13
    Info (12022): Found design unit 2: util_assemb_defs (util_assemb) File: /home/user/opencpi/ocpi_util/tests/pytests/utilization_proj/hdl/assemblies/util_assemb/target-stratix4/util_assemb-defs.vhd Line: 30
Info (12021): Found 1 design units, including 0 entities, in source file generics.vhd
    Info (12022): Found design unit 1: util_assemb_constants-body File: /home/user/opencpi/ocpi_util/tests/pytests/utilization_proj/hdl/assemblies/util_assemb/target-stratix4/generics.vhd Line: 3
Info (12021): Found 2 design units, including 1 entities, in source file util_assemb-impl.vhd
    Info (12022): Found design unit 1: util_assemb_rv-rtl File: /home/user/opencpi/ocpi_util/tests/pytests/utilization_proj/hdl/assemblies/util_assemb/target-stratix4/util_assemb-impl.vhd Line: 35
    Info (12023): Found entity 1: util_assemb_rv File: /home/user/opencpi/ocpi_util/tests/pytests/utilization_proj/hdl/assemblies/util_assemb/target-stratix4/util_assemb-impl.vhd Line: 11
Info (12021): Found 1 design units, including 1 entities, in source file /home/user/opencpi/ocpi_util/tests/pytests/utilization_proj/hdl/assemblies/util_assemb/gen/util_assemb-assy.v
    Info (12023): Found entity 1: util_assemb File: /home/user/opencpi/ocpi_util/tests/pytests/utilization_proj/hdl/assemblies/util_assemb/target-stratix4/util_assemb-defs.vh Line: 12
Info (12127): Elaborating entity "util_assemb_rv" for the top level hierarchy
Warning (10445): VHDL Subtype or Type Declaration warning at fixed_body.vhd(18): subtype or type has null range File: /home/user/opencpi/ocpi_util/tests/pytests/utilization_proj/imports/ocpi.core/exports/lib/hdl/fixed_float/stratix4/fixed_body.vhd Line: 18
Warning (10445): VHDL Subtype or Type Declaration warning at fixed_body.vhd(19): subtype or type has null range File: /home/user/opencpi/ocpi_util/tests/pytests/utilization_proj/imports/ocpi.core/exports/lib/hdl/fixed_float/stratix4/fixed_body.vhd Line: 19
Warning (10445): VHDL Subtype or Type Declaration warning at fixed_body.vhd(20): subtype or type has null range File: /home/user/opencpi/ocpi_util/tests/pytests/utilization_proj/imports/ocpi.core/exports/lib/hdl/fixed_float/stratix4/fixed_body.vhd Line: 20
Warning (10445): VHDL Subtype or Type Declaration warning at float_body.vhd(29): subtype or type has null range File: /home/user/opencpi/ocpi_util/tests/pytests/utilization_proj/imports/ocpi.core/exports/lib/hdl/fixed_float/stratix4/float_body.vhd Line: 29
Warning (10445): VHDL Subtype or Type Declaration warning at float_body.vhd(30): subtype or type has null range File: /home/user/opencpi/ocpi_util/tests/pytests/utilization_proj/imports/ocpi.core/exports/lib/hdl/fixed_float/stratix4/float_body.vhd Line: 30
Info (12128): Elaborating entity "util_assemb" for hierarchy "util_assemb:assy" File: /home/user/opencpi/ocpi_util/tests/pytests/utilization_proj/hdl/assemblies/util_assemb/target-stratix4/util_assemb-impl.vhd Line: 60
Info (12128): Elaborating entity "nothing" for hierarchy "util_assemb:assy|nothing:nothing" File: /home/user/opencpi/ocpi_util/tests/pytests/utilization_proj/hdl/assemblies/util_assemb/gen/util_assemb-assy.v Line: 27
Warning (12240): Synthesis found one or more imported partitions that will be treated as black boxes for timing analysis during synthesis
Info (286031): Timing-Driven Synthesis is running on partition "Top"
Info (16010): Generating hard_block partition "hard_block:auto_generated_inst"
    Info (16011): Adding 0 node(s), including 0 DDIO, 0 PLL, 0 transceiver and 0 LCELL
Warning (21074): Design contains 80 input pin(s) that do not drive logic
    Warning (15610): No output dependent on input pin "wci_in.MAddr[0]" File: /home/user/opencpi/ocpi_util/tests/pytests/utilization_proj/hdl/assemblies/util_assemb/target-stratix4/util_assemb-impl.vhd Line: 28
    Warning (15610): No output dependent on input pin "wci_in.MAddr[1]" File: /home/user/opencpi/ocpi_util/tests/pytests/utilization_proj/hdl/assemblies/util_assemb/target-stratix4/util_assemb-impl.vhd Line: 28
    Warning (15610): No output dependent on input pin "wci_in.MFlag[0]" File: /home/user/opencpi/ocpi_util/tests/pytests/utilization_proj/hdl/assemblies/util_assemb/target-stratix4/util_assemb-impl.vhd Line: 28
    Warning (15610): No output dependent on input pin "wci_in.MFlag[1]" File: /home/user/opencpi/ocpi_util/tests/pytests/utilization_proj/hdl/assemblies/util_assemb/target-stratix4/util_assemb-impl.vhd Line: 28
    Warning (15610): No output dependent on input pin "wci_in.MFlag[2]" File: /home/user/opencpi/ocpi_util/tests/pytests/utilization_proj/hdl/assemblies/util_assemb/target-stratix4/util_assemb-impl.vhd Line: 28
    Warning (15610): No output dependent on input pin "wci_in.MFlag[3]" File: /home/user/opencpi/ocpi_util/tests/pytests/utilization_proj/hdl/assemblies/util_assemb/target-stratix4/util_assemb-impl.vhd Line: 28
    Warning (15610): No output dependent on input pin "wci_in.MFlag[4]" File: /home/user/opencpi/ocpi_util/tests/pytests/utilization_proj/hdl/assemblies/util_assemb/target-stratix4/util_assemb-impl.vhd Line: 28
    Warning (15610): No output dependent on input pin "wci_in.MFlag[5]" File: /home/user/opencpi/ocpi_util/tests/pytests/utilization_proj/hdl/assemblies/util_assemb/target-stratix4/util_assemb-impl.vhd Line: 28
    Warning (15610): No output dependent on input pin "wci_in.MFlag[6]" File: /home/user/opencpi/ocpi_util/tests/pytests/utilization_proj/hdl/assemblies/util_assemb/target-stratix4/util_assemb-impl.vhd Line: 28
    Warning (15610): No output dependent on input pin "wci_in.MFlag[7]" File: /home/user/opencpi/ocpi_util/tests/pytests/utilization_proj/hdl/assemblies/util_assemb/target-stratix4/util_assemb-impl.vhd Line: 28
    Warning (15610): No output dependent on input pin "wci_in.MFlag[8]" File: /home/user/opencpi/ocpi_util/tests/pytests/utilization_proj/hdl/assemblies/util_assemb/target-stratix4/util_assemb-impl.vhd Line: 28
    Warning (15610): No output dependent on input pin "wci_in.MFlag[9]" File: /home/user/opencpi/ocpi_util/tests/pytests/utilization_proj/hdl/assemblies/util_assemb/target-stratix4/util_assemb-impl.vhd Line: 28
    Warning (15610): No output dependent on input pin "wci_in.MFlag[10]" File: /home/user/opencpi/ocpi_util/tests/pytests/utilization_proj/hdl/assemblies/util_assemb/target-stratix4/util_assemb-impl.vhd Line: 28
    Warning (15610): No output dependent on input pin "wci_in.MFlag[11]" File: /home/user/opencpi/ocpi_util/tests/pytests/utilization_proj/hdl/assemblies/util_assemb/target-stratix4/util_assemb-impl.vhd Line: 28
    Warning (15610): No output dependent on input pin "wci_in.MFlag[12]" File: /home/user/opencpi/ocpi_util/tests/pytests/utilization_proj/hdl/assemblies/util_assemb/target-stratix4/util_assemb-impl.vhd Line: 28
    Warning (15610): No output dependent on input pin "wci_in.MFlag[13]" File: /home/user/opencpi/ocpi_util/tests/pytests/utilization_proj/hdl/assemblies/util_assemb/target-stratix4/util_assemb-impl.vhd Line: 28
    Warning (15610): No output dependent on input pin "wci_in.MFlag[14]" File: /home/user/opencpi/ocpi_util/tests/pytests/utilization_proj/hdl/assemblies/util_assemb/target-stratix4/util_assemb-impl.vhd Line: 28
    Warning (15610): No output dependent on input pin "wci_in.MFlag[15]" File: /home/user/opencpi/ocpi_util/tests/pytests/utilization_proj/hdl/assemblies/util_assemb/target-stratix4/util_assemb-impl.vhd Line: 28
    Warning (15610): No output dependent on input pin "wci_in.MFlag[16]" File: /home/user/opencpi/ocpi_util/tests/pytests/utilization_proj/hdl/assemblies/util_assemb/target-stratix4/util_assemb-impl.vhd Line: 28
    Warning (15610): No output dependent on input pin "wci_in.MFlag[17]" File: /home/user/opencpi/ocpi_util/tests/pytests/utilization_proj/hdl/assemblies/util_assemb/target-stratix4/util_assemb-impl.vhd Line: 28
    Warning (15610): No output dependent on input pin "wci_in.MFlag[18]" File: /home/user/opencpi/ocpi_util/tests/pytests/utilization_proj/hdl/assemblies/util_assemb/target-stratix4/util_assemb-impl.vhd Line: 28
    Warning (15610): No output dependent on input pin "wci_in.MData[0]" File: /home/user/opencpi/ocpi_util/tests/pytests/utilization_proj/hdl/assemblies/util_assemb/target-stratix4/util_assemb-impl.vhd Line: 28
    Warning (15610): No output dependent on input pin "wci_in.MData[1]" File: /home/user/opencpi/ocpi_util/tests/pytests/utilization_proj/hdl/assemblies/util_assemb/target-stratix4/util_assemb-impl.vhd Line: 28
    Warning (15610): No output dependent on input pin "wci_in.MData[2]" File: /home/user/opencpi/ocpi_util/tests/pytests/utilization_proj/hdl/assemblies/util_assemb/target-stratix4/util_assemb-impl.vhd Line: 28
    Warning (15610): No output dependent on input pin "wci_in.MData[3]" File: /home/user/opencpi/ocpi_util/tests/pytests/utilization_proj/hdl/assemblies/util_assemb/target-stratix4/util_assemb-impl.vhd Line: 28
    Warning (15610): No output dependent on input pin "wci_in.MData[4]" File: /home/user/opencpi/ocpi_util/tests/pytests/utilization_proj/hdl/assemblies/util_assemb/target-stratix4/util_assemb-impl.vhd Line: 28
    Warning (15610): No output dependent on input pin "wci_in.MData[5]" File: /home/user/opencpi/ocpi_util/tests/pytests/utilization_proj/hdl/assemblies/util_assemb/target-stratix4/util_assemb-impl.vhd Line: 28
    Warning (15610): No output dependent on input pin "wci_in.MData[6]" File: /home/user/opencpi/ocpi_util/tests/pytests/utilization_proj/hdl/assemblies/util_assemb/target-stratix4/util_assemb-impl.vhd Line: 28
    Warning (15610): No output dependent on input pin "wci_in.MData[7]" File: /home/user/opencpi/ocpi_util/tests/pytests/utilization_proj/hdl/assemblies/util_assemb/target-stratix4/util_assemb-impl.vhd Line: 28
    Warning (15610): No output dependent on input pin "wci_in.MData[8]" File: /home/user/opencpi/ocpi_util/tests/pytests/utilization_proj/hdl/assemblies/util_assemb/target-stratix4/util_assemb-impl.vhd Line: 28
    Warning (15610): No output dependent on input pin "wci_in.MData[9]" File: /home/user/opencpi/ocpi_util/tests/pytests/utilization_proj/hdl/assemblies/util_assemb/target-stratix4/util_assemb-impl.vhd Line: 28
    Warning (15610): No output dependent on input pin "wci_in.MData[10]" File: /home/user/opencpi/ocpi_util/tests/pytests/utilization_proj/hdl/assemblies/util_assemb/target-stratix4/util_assemb-impl.vhd Line: 28
    Warning (15610): No output dependent on input pin "wci_in.MData[11]" File: /home/user/opencpi/ocpi_util/tests/pytests/utilization_proj/hdl/assemblies/util_assemb/target-stratix4/util_assemb-impl.vhd Line: 28
    Warning (15610): No output dependent on input pin "wci_in.MData[12]" File: /home/user/opencpi/ocpi_util/tests/pytests/utilization_proj/hdl/assemblies/util_assemb/target-stratix4/util_assemb-impl.vhd Line: 28
    Warning (15610): No output dependent on input pin "wci_in.MData[13]" File: /home/user/opencpi/ocpi_util/tests/pytests/utilization_proj/hdl/assemblies/util_assemb/target-stratix4/util_assemb-impl.vhd Line: 28
    Warning (15610): No output dependent on input pin "wci_in.MData[14]" File: /home/user/opencpi/ocpi_util/tests/pytests/utilization_proj/hdl/assemblies/util_assemb/target-stratix4/util_assemb-impl.vhd Line: 28
    Warning (15610): No output dependent on input pin "wci_in.MData[15]" File: /home/user/opencpi/ocpi_util/tests/pytests/utilization_proj/hdl/assemblies/util_assemb/target-stratix4/util_assemb-impl.vhd Line: 28
    Warning (15610): No output dependent on input pin "wci_in.MData[16]" File: /home/user/opencpi/ocpi_util/tests/pytests/utilization_proj/hdl/assemblies/util_assemb/target-stratix4/util_assemb-impl.vhd Line: 28
    Warning (15610): No output dependent on input pin "wci_in.MData[17]" File: /home/user/opencpi/ocpi_util/tests/pytests/utilization_proj/hdl/assemblies/util_assemb/target-stratix4/util_assemb-impl.vhd Line: 28
    Warning (15610): No output dependent on input pin "wci_in.MData[18]" File: /home/user/opencpi/ocpi_util/tests/pytests/utilization_proj/hdl/assemblies/util_assemb/target-stratix4/util_assemb-impl.vhd Line: 28
    Warning (15610): No output dependent on input pin "wci_in.MData[19]" File: /home/user/opencpi/ocpi_util/tests/pytests/utilization_proj/hdl/assemblies/util_assemb/target-stratix4/util_assemb-impl.vhd Line: 28
    Warning (15610): No output dependent on input pin "wci_in.MData[20]" File: /home/user/opencpi/ocpi_util/tests/pytests/utilization_proj/hdl/assemblies/util_assemb/target-stratix4/util_assemb-impl.vhd Line: 28
    Warning (15610): No output dependent on input pin "wci_in.MData[21]" File: /home/user/opencpi/ocpi_util/tests/pytests/utilization_proj/hdl/assemblies/util_assemb/target-stratix4/util_assemb-impl.vhd Line: 28
    Warning (15610): No output dependent on input pin "wci_in.MData[22]" File: /home/user/opencpi/ocpi_util/tests/pytests/utilization_proj/hdl/assemblies/util_assemb/target-stratix4/util_assemb-impl.vhd Line: 28
    Warning (15610): No output dependent on input pin "wci_in.MData[23]" File: /home/user/opencpi/ocpi_util/tests/pytests/utilization_proj/hdl/assemblies/util_assemb/target-stratix4/util_assemb-impl.vhd Line: 28
    Warning (15610): No output dependent on input pin "wci_in.MData[24]" File: /home/user/opencpi/ocpi_util/tests/pytests/utilization_proj/hdl/assemblies/util_assemb/target-stratix4/util_assemb-impl.vhd Line: 28
    Warning (15610): No output dependent on input pin "wci_in.MData[25]" File: /home/user/opencpi/ocpi_util/tests/pytests/utilization_proj/hdl/assemblies/util_assemb/target-stratix4/util_assemb-impl.vhd Line: 28
    Warning (15610): No output dependent on input pin "wci_in.MData[26]" File: /home/user/opencpi/ocpi_util/tests/pytests/utilization_proj/hdl/assemblies/util_assemb/target-stratix4/util_assemb-impl.vhd Line: 28
    Warning (15610): No output dependent on input pin "wci_in.MData[27]" File: /home/user/opencpi/ocpi_util/tests/pytests/utilization_proj/hdl/assemblies/util_assemb/target-stratix4/util_assemb-impl.vhd Line: 28
    Warning (15610): No output dependent on input pin "wci_in.MData[28]" File: /home/user/opencpi/ocpi_util/tests/pytests/utilization_proj/hdl/assemblies/util_assemb/target-stratix4/util_assemb-impl.vhd Line: 28
    Warning (15610): No output dependent on input pin "wci_in.MData[29]" File: /home/user/opencpi/ocpi_util/tests/pytests/utilization_proj/hdl/assemblies/util_assemb/target-stratix4/util_assemb-impl.vhd Line: 28
    Warning (15610): No output dependent on input pin "wci_in.MData[30]" File: /home/user/opencpi/ocpi_util/tests/pytests/utilization_proj/hdl/assemblies/util_assemb/target-stratix4/util_assemb-impl.vhd Line: 28
    Warning (15610): No output dependent on input pin "wci_in.MData[31]" File: /home/user/opencpi/ocpi_util/tests/pytests/utilization_proj/hdl/assemblies/util_assemb/target-stratix4/util_assemb-impl.vhd Line: 28
    Warning (15610): No output dependent on input pin "wci_in.MAddr[5]" File: /home/user/opencpi/ocpi_util/tests/pytests/utilization_proj/hdl/assemblies/util_assemb/target-stratix4/util_assemb-impl.vhd Line: 28
    Warning (15610): No output dependent on input pin "wci_in.MAddr[6]" File: /home/user/opencpi/ocpi_util/tests/pytests/utilization_proj/hdl/assemblies/util_assemb/target-stratix4/util_assemb-impl.vhd Line: 28
    Warning (15610): No output dependent on input pin "wci_in.MAddr[7]" File: /home/user/opencpi/ocpi_util/tests/pytests/utilization_proj/hdl/assemblies/util_assemb/target-stratix4/util_assemb-impl.vhd Line: 28
    Warning (15610): No output dependent on input pin "wci_in.MAddr[8]" File: /home/user/opencpi/ocpi_util/tests/pytests/utilization_proj/hdl/assemblies/util_assemb/target-stratix4/util_assemb-impl.vhd Line: 28
    Warning (15610): No output dependent on input pin "wci_in.MAddr[9]" File: /home/user/opencpi/ocpi_util/tests/pytests/utilization_proj/hdl/assemblies/util_assemb/target-stratix4/util_assemb-impl.vhd Line: 28
    Warning (15610): No output dependent on input pin "wci_in.MAddr[10]" File: /home/user/opencpi/ocpi_util/tests/pytests/utilization_proj/hdl/assemblies/util_assemb/target-stratix4/util_assemb-impl.vhd Line: 28
    Warning (15610): No output dependent on input pin "wci_in.MAddr[11]" File: /home/user/opencpi/ocpi_util/tests/pytests/utilization_proj/hdl/assemblies/util_assemb/target-stratix4/util_assemb-impl.vhd Line: 28
    Warning (15610): No output dependent on input pin "wci_in.MAddr[12]" File: /home/user/opencpi/ocpi_util/tests/pytests/utilization_proj/hdl/assemblies/util_assemb/target-stratix4/util_assemb-impl.vhd Line: 28
    Warning (15610): No output dependent on input pin "wci_in.MAddr[13]" File: /home/user/opencpi/ocpi_util/tests/pytests/utilization_proj/hdl/assemblies/util_assemb/target-stratix4/util_assemb-impl.vhd Line: 28
    Warning (15610): No output dependent on input pin "wci_in.MAddr[14]" File: /home/user/opencpi/ocpi_util/tests/pytests/utilization_proj/hdl/assemblies/util_assemb/target-stratix4/util_assemb-impl.vhd Line: 28
    Warning (15610): No output dependent on input pin "wci_in.MAddr[15]" File: /home/user/opencpi/ocpi_util/tests/pytests/utilization_proj/hdl/assemblies/util_assemb/target-stratix4/util_assemb-impl.vhd Line: 28
    Warning (15610): No output dependent on input pin "wci_in.MAddr[16]" File: /home/user/opencpi/ocpi_util/tests/pytests/utilization_proj/hdl/assemblies/util_assemb/target-stratix4/util_assemb-impl.vhd Line: 28
    Warning (15610): No output dependent on input pin "wci_in.MAddr[17]" File: /home/user/opencpi/ocpi_util/tests/pytests/utilization_proj/hdl/assemblies/util_assemb/target-stratix4/util_assemb-impl.vhd Line: 28
    Warning (15610): No output dependent on input pin "wci_in.MAddr[18]" File: /home/user/opencpi/ocpi_util/tests/pytests/utilization_proj/hdl/assemblies/util_assemb/target-stratix4/util_assemb-impl.vhd Line: 28
    Warning (15610): No output dependent on input pin "wci_in.MAddr[19]" File: /home/user/opencpi/ocpi_util/tests/pytests/utilization_proj/hdl/assemblies/util_assemb/target-stratix4/util_assemb-impl.vhd Line: 28
    Warning (15610): No output dependent on input pin "wci_in.MAddr[20]" File: /home/user/opencpi/ocpi_util/tests/pytests/utilization_proj/hdl/assemblies/util_assemb/target-stratix4/util_assemb-impl.vhd Line: 28
    Warning (15610): No output dependent on input pin "wci_in.MAddr[21]" File: /home/user/opencpi/ocpi_util/tests/pytests/utilization_proj/hdl/assemblies/util_assemb/target-stratix4/util_assemb-impl.vhd Line: 28
    Warning (15610): No output dependent on input pin "wci_in.MAddr[22]" File: /home/user/opencpi/ocpi_util/tests/pytests/utilization_proj/hdl/assemblies/util_assemb/target-stratix4/util_assemb-impl.vhd Line: 28
    Warning (15610): No output dependent on input pin "wci_in.MAddr[23]" File: /home/user/opencpi/ocpi_util/tests/pytests/utilization_proj/hdl/assemblies/util_assemb/target-stratix4/util_assemb-impl.vhd Line: 28
    Warning (15610): No output dependent on input pin "wci_in.MAddr[24]" File: /home/user/opencpi/ocpi_util/tests/pytests/utilization_proj/hdl/assemblies/util_assemb/target-stratix4/util_assemb-impl.vhd Line: 28
    Warning (15610): No output dependent on input pin "wci_in.MAddr[25]" File: /home/user/opencpi/ocpi_util/tests/pytests/utilization_proj/hdl/assemblies/util_assemb/target-stratix4/util_assemb-impl.vhd Line: 28
    Warning (15610): No output dependent on input pin "wci_in.MAddr[26]" File: /home/user/opencpi/ocpi_util/tests/pytests/utilization_proj/hdl/assemblies/util_assemb/target-stratix4/util_assemb-impl.vhd Line: 28
    Warning (15610): No output dependent on input pin "wci_in.MAddr[27]" File: /home/user/opencpi/ocpi_util/tests/pytests/utilization_proj/hdl/assemblies/util_assemb/target-stratix4/util_assemb-impl.vhd Line: 28
    Warning (15610): No output dependent on input pin "wci_in.MAddr[28]" File: /home/user/opencpi/ocpi_util/tests/pytests/utilization_proj/hdl/assemblies/util_assemb/target-stratix4/util_assemb-impl.vhd Line: 28
    Warning (15610): No output dependent on input pin "wci_in.MAddr[29]" File: /home/user/opencpi/ocpi_util/tests/pytests/utilization_proj/hdl/assemblies/util_assemb/target-stratix4/util_assemb-impl.vhd Line: 28
    Warning (15610): No output dependent on input pin "wci_in.MAddr[30]" File: /home/user/opencpi/ocpi_util/tests/pytests/utilization_proj/hdl/assemblies/util_assemb/target-stratix4/util_assemb-impl.vhd Line: 28
    Warning (15610): No output dependent on input pin "wci_in.MAddr[31]" File: /home/user/opencpi/ocpi_util/tests/pytests/utilization_proj/hdl/assemblies/util_assemb/target-stratix4/util_assemb-impl.vhd Line: 28
Info (21057): Implemented 176 device resources after synthesis - the final resource count might be different
    Info (21058): Implemented 93 input pins
    Info (21059): Implemented 38 output pins
    Info (21061): Implemented 45 logic cells
Info: Quartus Prime Analysis & Synthesis was successful. 0 errors, 89 warnings
    Info: Peak virtual memory: 1205 megabytes
    Info: Processing ended: Tue Oct 16 16:12:44 2018
    Info: Elapsed time: 00:00:11
    Info: Total CPU time (on all processors): 00:00:31


